[     236ms] [INFO] %cDownload the React DevTools for a better development experience: https://react.dev/link/react-devtools font-weight:bold @ http://localhost:3000/_next/static/chunks/node_modules_next_dist_1bjkg68unqmjx._.js:719
[     253ms] [LOG] [HMR] connected @ http://localhost:3000/_next/static/chunks/node_modules_next_dist_1bjkg68unqmjx._.js:719
[  580944ms] [LOG] [Fast Refresh] rebuilding @ http://localhost:3000/_next/static/chunks/node_modules_next_dist_1bjkg68unqmjx._.js:719
[  580963ms] [LOG] [Fast Refresh] done in 95ms @ http://localhost:3000/_next/static/chunks/node_modules_next_dist_1bjkg68unqmjx._.js:719
[  609054ms] [ERROR] ./src/lib/stage.ts:935:11
Error: the name `lampMat` is defined multiple times
  933 |     const paintMat = new THREE.MeshStandardMaterial({ roughness: 0.32, metalness: 0.25 });
  934 |     const trimMat = new THREE.MeshStandardMaterial({ vertexColors: true, roughness: 0.25, metalness: 0.3 });
> 935 |     const lampMat = new THREE.MeshBasicMaterial({ vertexColors: true });
      |           ^^^^^^^
  936 |     this.fleet = MODELS().map((parts, k) => [
  937 |       new THREE.InstancedMesh(parts.paint, paintMat, Math.max(counts[k], 1)),
  938 |       new THREE.InstancedMesh(parts.trim, trimMat, Math.max(counts[k], 1)),

Ecmascript file had an error

Import traces:
  Client Component Browser:
    ./src/lib/stage.ts [Client Component Browser]
    ./src/components/Experience.tsx [Client Component Browser]
    ./src/components/Experience.tsx [Server Component]
    ./src/app/page.tsx [Server Component]

  Client Component SSR:
    ./src/lib/stage.ts [Client Component SSR]
    ./src/components/Experience.tsx [Client Component SSR]
    ./src/components/Experience.tsx [Server Component]
    ./src/app/page.tsx [Server Component] @ http://localhost:3000/_next/static/chunks/node_modules_next_dist_1bjkg68unqmjx._.js:995
[  609131ms] [LOG] [Fast Refresh] rebuilding @ http://localhost:3000/_next/static/chunks/node_modules_next_dist_1bjkg68unqmjx._.js:719
[  615486ms] [LOG] [Fast Refresh] rebuilding @ http://localhost:3000/_next/static/chunks/node_modules_next_dist_1bjkg68unqmjx._.js:719
[  615517ms] [LOG] [Fast Refresh] done in 66ms @ http://localhost:3000/_next/static/chunks/node_modules_next_dist_1bjkg68unqmjx._.js:719
[  615592ms] [LOG] [Fast Refresh] done in 66ms @ http://localhost:3000/_next/static/chunks/node_modules_next_dist_1bjkg68unqmjx._.js:719
[  615794ms] [LOG] [Fast Refresh] done in 66ms @ http://localhost:3000/_next/static/chunks/node_modules_next_dist_1bjkg68unqmjx._.js:719
[  615909ms] [LOG] [Fast Refresh] done in 66ms @ http://localhost:3000/_next/static/chunks/node_modules_next_dist_1bjkg68unqmjx._.js:719
[  616001ms] [LOG] [Fast Refresh] done in 66ms @ http://localhost:3000/_next/static/chunks/node_modules_next_dist_1bjkg68unqmjx._.js:719
[  616059ms] [LOG] [Fast Refresh] done in 66ms @ http://localhost:3000/_next/static/chunks/node_modules_next_dist_1bjkg68unqmjx._.js:719
